// Jest Snapshot v1, https://goo.gl/fbAQLP

exports[`App has a valid snapshot 1`] = `
<div>
  <p
    id="langHeader"
  >
    Language
  </p>
  <label
    className="lang"
  >
    <input
      checked={false}
      name="all"
      onChange={[Function]}
      type="radio"
      value="All Languages"
    />
    All Languages 
    <span
      className="langCount"
    >
      (99)
    </span>
  </label>
  <br />
  <label
    className="lang"
  >
    <input
      checked={false}
      name="en"
      onChange={[Function]}
      type="radio"
      value="English"
    />
    English
  </label>
  <br />
</div>
`;
